Archive member included to satisfy reference by file (symbol)

c:/ac6/systemworkbench/plugins/fr.ac6.mcu.externaltools.arm-none.win32_1.7.0.201602121829/tools/compiler/bin/../lib/gcc/arm-none-eabi/5.2.1/../../../../arm-none-eabi/lib/armv7e-m/fpu\libc_nano.a(lib_a-exit.o)
                              c:/ac6/systemworkbench/plugins/fr.ac6.mcu.externaltools.arm-none.win32_1.7.0.201602121829/tools/compiler/bin/../lib/gcc/arm-none-eabi/5.2.1/../../../../arm-none-eabi/lib/armv7e-m/fpu/crt0.o (exit)
c:/ac6/systemworkbench/plugins/fr.ac6.mcu.externaltools.arm-none.win32_1.7.0.201602121829/tools/compiler/bin/../lib/gcc/arm-none-eabi/5.2.1/../../../../arm-none-eabi/lib/armv7e-m/fpu\libc_nano.a(lib_a-impure.o)
                              c:/ac6/systemworkbench/plugins/fr.ac6.mcu.externaltools.arm-none.win32_1.7.0.201602121829/tools/compiler/bin/../lib/gcc/arm-none-eabi/5.2.1/../../../../arm-none-eabi/lib/armv7e-m/fpu\libc_nano.a(lib_a-exit.o) (_global_impure_ptr)
c:/ac6/systemworkbench/plugins/fr.ac6.mcu.externaltools.arm-none.win32_1.7.0.201602121829/tools/compiler/bin/../lib/gcc/arm-none-eabi/5.2.1/../../../../arm-none-eabi/lib/armv7e-m/fpu\libc_nano.a(lib_a-init.o)
                              c:/ac6/systemworkbench/plugins/fr.ac6.mcu.externaltools.arm-none.win32_1.7.0.201602121829/tools/compiler/bin/../lib/gcc/arm-none-eabi/5.2.1/../../../../arm-none-eabi/lib/armv7e-m/fpu/crt0.o (__libc_init_array)
c:/ac6/systemworkbench/plugins/fr.ac6.mcu.externaltools.arm-none.win32_1.7.0.201602121829/tools/compiler/bin/../lib/gcc/arm-none-eabi/5.2.1/../../../../arm-none-eabi/lib/armv7e-m/fpu\libc_nano.a(lib_a-memcpy-stub.o)
                              Middlewares/FreeRTOS/queue.o (memcpy)
c:/ac6/systemworkbench/plugins/fr.ac6.mcu.externaltools.arm-none.win32_1.7.0.201602121829/tools/compiler/bin/../lib/gcc/arm-none-eabi/5.2.1/../../../../arm-none-eabi/lib/armv7e-m/fpu\libc_nano.a(lib_a-memset.o)
                              c:/ac6/systemworkbench/plugins/fr.ac6.mcu.externaltools.arm-none.win32_1.7.0.201602121829/tools/compiler/bin/../lib/gcc/arm-none-eabi/5.2.1/../../../../arm-none-eabi/lib/armv7e-m/fpu/crt0.o (memset)
c:/ac6/systemworkbench/plugins/fr.ac6.mcu.externaltools.arm-none.win32_1.7.0.201602121829/tools/compiler/bin/../lib/gcc/arm-none-eabi/5.2.1/../../../../arm-none-eabi/lib/armv7e-m/fpu\libnosys.a(_exit.o)
                              c:/ac6/systemworkbench/plugins/fr.ac6.mcu.externaltools.arm-none.win32_1.7.0.201602121829/tools/compiler/bin/../lib/gcc/arm-none-eabi/5.2.1/../../../../arm-none-eabi/lib/armv7e-m/fpu\libc_nano.a(lib_a-exit.o) (_exit)

Allocating common symbols
Common symbol       size              file

defaultTaskHandle   0x4               Application/User/freertos.o
uwTick              0x4               Drivers/STM32F4xx_HAL_Driver/stm32f4xx_hal.o
xQueueRegistry      0x40              Middlewares/FreeRTOS/queue.o
pFlash              0x20              Drivers/STM32F4xx_HAL_Driver/stm32f4xx_hal_flash.o
hdma_dac1           0x58              Application/User/dac.o
hadc1               0x48              Application/User/adc.o
hdac                0x14              Application/User/dac.o

Discarded input sections

 .text          0x00000000        0x0 c:/ac6/systemworkbench/plugins/fr.ac6.mcu.externaltools.arm-none.win32_1.7.0.201602121829/tools/compiler/bin/../lib/gcc/arm-none-eabi/5.2.1/armv7e-m/fpu/crti.o
 .data          0x00000000        0x0 c:/ac6/systemworkbench/plugins/fr.ac6.mcu.externaltools.arm-none.win32_1.7.0.201602121829/tools/compiler/bin/../lib/gcc/arm-none-eabi/5.2.1/armv7e-m/fpu/crti.o
 .bss           0x00000000        0x0 c:/ac6/systemworkbench/plugins/fr.ac6.mcu.externaltools.arm-none.win32_1.7.0.201602121829/tools/compiler/bin/../lib/gcc/arm-none-eabi/5.2.1/armv7e-m/fpu/crti.o
 .data          0x00000000        0x4 c:/ac6/systemworkbench/plugins/fr.ac6.mcu.externaltools.arm-none.win32_1.7.0.201602121829/tools/compiler/bin/../lib/gcc/arm-none-eabi/5.2.1/armv7e-m/fpu/crtbegin.o
 .text          0x00000000       0x74 c:/ac6/systemworkbench/plugins/fr.ac6.mcu.externaltools.arm-none.win32_1.7.0.201602121829/tools/compiler/bin/../lib/gcc/arm-none-eabi/5.2.1/../../../../arm-none-eabi/lib/armv7e-m/fpu/crt0.o
 .data          0x00000000        0x0 c:/ac6/systemworkbench/plugins/fr.ac6.mcu.externaltools.arm-none.win32_1.7.0.201602121829/tools/compiler/bin/../lib/gcc/arm-none-eabi/5.2.1/../../../../arm-none-eabi/lib/armv7e-m/fpu/crt0.o
 .bss           0x00000000        0x0 c:/ac6/systemworkbench/plugins/fr.ac6.mcu.externaltools.arm-none.win32_1.7.0.201602121829/tools/compiler/bin/../lib/gcc/arm-none-eabi/5.2.1/../../../../arm-none-eabi/lib/armv7e-m/fpu/crt0.o
 .ARM.extab     0x00000000        0x0 c:/ac6/systemworkbench/plugins/fr.ac6.mcu.externaltools.arm-none.win32_1.7.0.201602121829/tools/compiler/bin/../lib/gcc/arm-none-eabi/5.2.1/../../../../arm-none-eabi/lib/armv7e-m/fpu/crt0.o
[...]
Memory Configuration

Name             Origin             Length             Attributes
FLASH            0x08000000         0x00100000         xr
RAM              0x20000000         0x00020000         xrw
CCMRAM           0x10000000         0x00010000         rw
*default*        0x00000000         0xffffffff

Linker script and memory map

LOAD c:/ac6/systemworkbench/plugins/fr.ac6.mcu.externaltools.arm-none.win32_1.7.0.201602121829/tools/compiler/bin/../lib/gcc/arm-none-eabi/5.2.1/armv7e-m/fpu/crti.o
LOAD c:/ac6/systemworkbench/plugins/fr.ac6.mcu.externaltools.arm-none.win32_1.7.0.201602121829/tools/compiler/bin/../lib/gcc/arm-none-eabi/5.2.1/armv7e-m/fpu/crtbegin.o
LOAD c:/ac6/systemworkbench/plugins/fr.ac6.mcu.externaltools.arm-none.win32_1.7.0.201602121829/tools/compiler/bin/../lib/gcc/arm-none-eabi/5.2.1/../../../../arm-none-eabi/lib/armv7e-m/fpu/crt0.o
LOAD c:/ac6/systemworkbench/plugins/fr.ac6.mcu.externaltools.arm-none.win32_1.7.0.201602121829/tools/compiler/bin/../lib/gcc/arm-none-eabi/5.2.1/../../../../arm-none-eabi/lib/armv7e-m/fpu\libm.a
LOAD Application/SW4STM32/startup_stm32f407xx.o
LOAD Application/User/adc.o
LOAD Application/User/dac.o
LOAD Application/User/dma.o
LOAD Application/User/freertos.o
LOAD Application/User/gpio.o
LOAD Application/User/main.o
LOAD Application/User/stm32f4xx_hal_msp.o
LOAD Application/User/stm32f4xx_it.o
LOAD Drivers/CMSIS/system_stm32f4xx.o
LOAD Drivers/STM32F4xx_HAL_Driver/stm32f4xx_hal.o
LOAD Drivers/STM32F4xx_HAL_Driver/stm32f4xx_hal_adc.o
LOAD Drivers/STM32F4xx_HAL_Driver/stm32f4xx_hal_adc_ex.o
LOAD Drivers/STM32F4xx_HAL_Driver/stm32f4xx_hal_cortex.o
LOAD Drivers/STM32F4xx_HAL_Driver/stm32f4xx_hal_dac.o
LOAD Drivers/STM32F4xx_HAL_Driver/stm32f4xx_hal_dac_ex.o
LOAD Drivers/STM32F4xx_HAL_Driver/stm32f4xx_hal_dma.o
LOAD Drivers/STM32F4xx_HAL_Driver/stm32f4xx_hal_dma_ex.o
LOAD Drivers/STM32F4xx_HAL_Driver/stm32f4xx_hal_flash.o
LOAD Drivers/STM32F4xx_HAL_Driver/stm32f4xx_hal_flash_ex.o
LOAD Drivers/STM32F4xx_HAL_Driver/stm32f4xx_hal_flash_ramfunc.o
LOAD Drivers/STM32F4xx_HAL_Driver/stm32f4xx_hal_gpio.o
LOAD Drivers/STM32F4xx_HAL_Driver/stm32f4xx_hal_pwr.o
LOAD Drivers/STM32F4xx_HAL_Driver/stm32f4xx_hal_pwr_ex.o
LOAD Drivers/STM32F4xx_HAL_Driver/stm32f4xx_hal_rcc.o
LOAD Drivers/STM32F4xx_HAL_Driver/stm32f4xx_hal_rcc_ex.o
LOAD Drivers/STM32F4xx_HAL_Driver/stm32f4xx_hal_rtc.o
LOAD Drivers/STM32F4xx_HAL_Driver/stm32f4xx_hal_rtc_ex.o
LOAD Drivers/STM32F4xx_HAL_Driver/stm32f4xx_hal_tim.o
LOAD Drivers/STM32F4xx_HAL_Driver/stm32f4xx_hal_tim_ex.o
LOAD Middlewares/FreeRTOS/cmsis_os.o
LOAD Middlewares/FreeRTOS/croutine.o
LOAD Middlewares/FreeRTOS/event_groups.o
LOAD Middlewares/FreeRTOS/heap_4.o
LOAD Middlewares/FreeRTOS/list.o
LOAD Middlewares/FreeRTOS/port.o
LOAD Middlewares/FreeRTOS/queue.o
LOAD Middlewares/FreeRTOS/tasks.o
LOAD Middlewares/FreeRTOS/timers.o
START GROUP
LOAD c:/ac6/systemworkbench/plugins/fr.ac6.mcu.externaltools.arm-none.win32_1.7.0.201602121829/tools/compiler/bin/../lib/gcc/arm-none-eabi/5.2.1/armv7e-m/fpu\libgcc.a
LOAD c:/ac6/systemworkbench/plugins/fr.ac6.mcu.externaltools.arm-none.win32_1.7.0.201602121829/tools/compiler/bin/../lib/gcc/arm-none-eabi/5.2.1/../../../../arm-none-eabi/lib/armv7e-m/fpu\libc_nano.a
END GROUP
START GROUP
LOAD c:/ac6/systemworkbench/plugins/fr.ac6.mcu.externaltools.arm-none.win32_1.7.0.201602121829/tools/compiler/bin/../lib/gcc/arm-none-eabi/5.2.1/armv7e-m/fpu\libgcc.a
LOAD c:/ac6/systemworkbench/plugins/fr.ac6.mcu.externaltools.arm-none.win32_1.7.0.201602121829/tools/compiler/bin/../lib/gcc/arm-none-eabi/5.2.1/../../../../arm-none-eabi/lib/armv7e-m/fpu\libc_nano.a
LOAD c:/ac6/systemworkbench/plugins/fr.ac6.mcu.externaltools.arm-none.win32_1.7.0.201602121829/tools/compiler/bin/../lib/gcc/arm-none-eabi/5.2.1/../../../../arm-none-eabi/lib/armv7e-m/fpu\libnosys.a
END GROUP
START GROUP
LOAD c:/ac6/systemworkbench/plugins/fr.ac6.mcu.externaltools.arm-none.win32_1.7.0.201602121829/tools/compiler/bin/../lib/gcc/arm-none-eabi/5.2.1/armv7e-m/fpu\libgcc.a
LOAD c:/ac6/systemworkbench/plugins/fr.ac6.mcu.externaltools.arm-none.win32_1.7.0.201602121829/tools/compiler/bin/../lib/gcc/arm-none-eabi/5.2.1/../../../../arm-none-eabi/lib/armv7e-m/fpu\libc_nano.a
LOAD c:/ac6/systemworkbench/plugins/fr.ac6.mcu.externaltools.arm-none.win32_1.7.0.201602121829/tools/compiler/bin/../lib/gcc/arm-none-eabi/5.2.1/../../../../arm-none-eabi/lib/armv7e-m/fpu\libnosys.a
END GROUP
LOAD c:/ac6/systemworkbench/plugins/fr.ac6.mcu.externaltools.arm-none.win32_1.7.0.201602121829/tools/compiler/bin/../lib/gcc/arm-none-eabi/5.2.1/armv7e-m/fpu/crtend.o
LOAD c:/ac6/systemworkbench/plugins/fr.ac6.mcu.externaltools.arm-none.win32_1.7.0.201602121829/tools/compiler/bin/../lib/gcc/arm-none-eabi/5.2.1/armv7e-m/fpu/crtn.o
                0x20020000                _estack = 0x20020000
                0x00000400                _Min_Heap_Size = 0x400
                0x00000200                _Min_Stack_Size = 0x200

.isr_vector     0x08000000      0x188
                0x08000000                . = ALIGN (0x4)
 *(.isr_vector)
 .isr_vector    0x08000000      0x188 Application/SW4STM32/startup_stm32f407xx.o
                0x08000000                g_pfnVectors
                0x08000188                . = ALIGN (0x4)

.text           0x08000188     0x19c8
                0x08000188                . = ALIGN (0x4)
 *(.text)
 .text          0x08000188       0xa4 c:/ac6/systemworkbench/plugins/fr.ac6.mcu.externaltools.arm-none.win32_1.7.0.201602121829/tools/compiler/bin/../lib/gcc/arm-none-eabi/5.2.1/armv7e-m/fpu/crtbegin.o
 *(.text*)
 .text.Reset_Handler
                0x0800022c       0x50 Application/SW4STM32/startup_stm32f407xx.o
                0x0800022c                Reset_Handler
 .text.Default_Handler
                0x0800027c        0x2 Application/SW4STM32/startup_stm32f407xx.o
                0x0800027c                RTC_Alarm_IRQHandler
                0x0800027c                HASH_RNG_IRQHandler
                0x0800027c                EXTI2_IRQHandler
                0x0800027c                TIM8_CC_IRQHandler
                0x0800027c                DebugMon_Handler
                0x0800027c                TIM1_CC_IRQHandler
                0x0800027c                DMA2_Stream5_IRQHandler
                0x0800027c                HardFault_Handler
                0x0800027c                PVD_IRQHandler
                0x0800027c                SDIO_IRQHandler
                0x0800027c                TAMP_STAMP_IRQHandler
                0x0800027c                NMI_Handler
                0x0800027c                CAN2_RX1_IRQHandler
                0x0800027c                EXTI3_IRQHandler
                0x0800027c                TIM8_TRG_COM_TIM14_IRQHandler
                0x0800027c                TIM1_UP_TIM10_IRQHandler
                0x0800027c                TIM8_UP_TIM13_IRQHandler
                0x0800027c                I2C3_ER_IRQHandler
                0x0800027c                EXTI0_IRQHandler
                0x0800027c                I2C2_EV_IRQHandler
                0x0800027c                DMA1_Stream2_IRQHandler
                0x0800027c                CAN1_RX0_IRQHandler
                0x0800027c                FPU_IRQHandler
                0x0800027c                OTG_HS_WKUP_IRQHandler
                0x0800027c                UsageFault_Handler
                0x0800027c                CAN2_SCE_IRQHandler
                0x0800027c                DMA2_Stream2_IRQHandler
                0x0800027c                SPI1_IRQHandler
                0x0800027c                TIM6_DAC_IRQHandler
                0x0800027c                TIM1_BRK_TIM9_IRQHandler
                0x0800027c                DCMI_IRQHandler
                0x0800027c                CAN2_RX0_IRQHandler
                0x0800027c                DMA2_Stream3_IRQHandler
                0x0800027c                USART6_IRQHandler
                0x0800027c                USART3_IRQHandler
                0x0800027c                CAN1_RX1_IRQHandler
                0x0800027c                UART5_IRQHandler
                0x0800027c                DMA2_Stream0_IRQHandler
                0x0800027c                TIM4_IRQHandler
                0x0800027c                I2C1_EV_IRQHandler
                0x0800027c                DMA1_Stream6_IRQHandler
                0x0800027c                DMA1_Stream1_IRQHandler
                0x0800027c                UART4_IRQHandler
                0x0800027c                TIM3_IRQHandler
                0x0800027c                RCC_IRQHandler
                0x0800027c                TIM8_BRK_TIM12_IRQHandler
                0x0800027c                Default_Handler
                0x0800027c                EXTI15_10_IRQHandler
                0x0800027c                ADC_IRQHandler
                0x0800027c                DMA1_Stream7_IRQHandler
                0x0800027c                TIM7_IRQHandler
                0x0800027c                CAN2_TX_IRQHandler
                0x0800027c                TIM5_IRQHandler
                0x0800027c                DMA2_Stream7_IRQHandler
                0x0800027c                I2C3_EV_IRQHandler
                0x0800027c                EXTI9_5_IRQHandler
                0x0800027c                RTC_WKUP_IRQHandler
                0x0800027c                ETH_WKUP_IRQHandler
                0x0800027c                SPI2_IRQHandler
                0x0800027c                OTG_HS_EP1_IN_IRQHandler
                0x0800027c                MemManage_Handler
                0x0800027c                DMA1_Stream0_IRQHandler
                0x0800027c                CAN1_TX_IRQHandler
                0x0800027c                EXTI4_IRQHandler
                0x0800027c                FSMC_IRQHandler
                0x0800027c                ETH_IRQHandler
                0x0800027c                OTG_HS_EP1_OUT_IRQHandler
                0x0800027c                WWDG_IRQHandler
                0x0800027c                TIM2_IRQHandler
                0x0800027c                OTG_FS_WKUP_IRQHandler
                0x0800027c                TIM1_TRG_COM_TIM11_IRQHandler
                0x0800027c                OTG_HS_IRQHandler
                0x0800027c                EXTI1_IRQHandler
                0x0800027c                USART2_IRQHandler
                0x0800027c                I2C2_ER_IRQHandler
                0x0800027c                DMA2_Stream1_IRQHandler
                0x0800027c                CAN1_SCE_IRQHandler
                0x0800027c                FLASH_IRQHandler
                0x0800027c                DMA2_Stream4_IRQHandler
                0x0800027c                BusFault_Handler
                0x0800027c                USART1_IRQHandler
                0x0800027c                OTG_FS_IRQHandler
                0x0800027c                SPI3_IRQHandler
                0x0800027c                DMA1_Stream4_IRQHandler
                0x0800027c                I2C1_ER_IRQHandler
                0x0800027c                DMA2_Stream6_IRQHandler
                0x0800027c                DMA1_Stream3_IRQHandler
 *fill*         0x0800027e        0x2 
 .text.MX_DMA_Init
                0x08000280       0x34 Application/User/dma.o
                0x08000280                MX_DMA_Init
 .text.StartDefaultTask
                0x080002b4        0xa Application/User/freertos.o
                0x080002b4                StartDefaultTask
 *fill*         0x080002be        0x2 
 .text.MX_FREERTOS_Init
                0x080002c0       0x28 Application/User/freertos.o
                0x080002c0                MX_FREERTOS_Init
 .text.MX_GPIO_Init
                0x080002e8      0x1f4 Application/User/gpio.o
                0x080002e8                MX_GPIO_Init
 .text.SystemClock_Config
                0x080004dc       0xa0 Application/User/main.o
                0x080004dc                SystemClock_Config
 .text.startup.main
                0x0800057c       0x1c Application/User/main.o
                0x0800057c                main
 .text.HAL_MspInit
                0x08000598       0x18 Application/User/stm32f4xx_hal_msp.o
                0x08000598                HAL_MspInit
 .text.SysTick_Handler
                0x080005b0        0xe Application/User/stm32f4xx_it.o
                0x080005b0                SysTick_Handler
 *fill*         0x080005be        0x2 
 .text.DMA1_Stream5_IRQHandler
                0x080005c0        0xc Application/User/stm32f4xx_it.o
                0x080005c0                DMA1_Stream5_IRQHandler
 .text.SystemInit
                0x080005cc       0x4c Drivers/CMSIS/system_stm32f4xx.o
                0x080005cc                SystemInit
 .text.HAL_InitTick
                0x08000618       0x24 Drivers/STM32F4xx_HAL_Driver/stm32f4xx_hal.o
                0x08000618                HAL_InitTick
 .text.HAL_Init
                0x0800063c       0x34 Drivers/STM32F4xx_HAL_Driver/stm32f4xx_hal.o
                0x0800063c                HAL_Init
 .text.HAL_IncTick
                0x08000670       0x10 Drivers/STM32F4xx_HAL_Driver/stm32f4xx_hal.o
                0x08000670                HAL_IncTick
 .text.HAL_GetTick
                0x08000680        0xc Drivers/STM32F4xx_HAL_Driver/stm32f4xx_hal.o
                0x08000680                HAL_GetTick
 .text.HAL_NVIC_SetPriorityGrouping
                0x0800068c       0x24 Drivers/STM32F4xx_HAL_Driver/stm32f4xx_hal_cortex.o
                0x0800068c                HAL_NVIC_SetPriorityGrouping
 .text.HAL_NVIC_SetPriority
                0x080006b0       0x68 Drivers/STM32F4xx_HAL_Driver/stm32f4xx_hal_cortex.o
                0x080006b0                HAL_NVIC_SetPriority
 .text.HAL_NVIC_EnableIRQ
                0x08000718       0x18 Drivers/STM32F4xx_HAL_Driver/stm32f4xx_hal_cortex.o
                0x08000718                HAL_NVIC_EnableIRQ
 .text.HAL_SYSTICK_Config
                0x08000730       0x2c Drivers/STM32F4xx_HAL_Driver/stm32f4xx_hal_cortex.o
                0x08000730                HAL_SYSTICK_Config
 .text.HAL_SYSTICK_CLKSourceConfig
                0x0800075c       0x18 Drivers/STM32F4xx_HAL_Driver/stm32f4xx_hal_cortex.o
                0x0800075c                HAL_SYSTICK_CLKSourceConfig
 .text.HAL_DMA_IRQHandler
                0x08000774      0x164 Drivers/STM32F4xx_HAL_Driver/stm32f4xx_hal_dma.o
                0x08000774                HAL_DMA_IRQHandler
 .text.HAL_GPIO_Init
                0x080008d8      0x1cc Drivers/STM32F4xx_HAL_Driver/stm32f4xx_hal_gpio.o
                0x080008d8                HAL_GPIO_Init
 .text.HAL_GPIO_WritePin
                0x08000aa4        0x8 Drivers/STM32F4xx_HAL_Driver/stm32f4xx_hal_gpio.o
                0x08000aa4                HAL_GPIO_WritePin
 .text.HAL_RCC_OscConfig
                0x08000aac      0x2d0 Drivers/STM32F4xx_HAL_Driver/stm32f4xx_hal_rcc.o
                0x08000aac                HAL_RCC_OscConfig
 .text.HAL_RCC_ClockConfig
                0x08000d7c      0x140 Drivers/STM32F4xx_HAL_Driver/stm32f4xx_hal_rcc.o
                0x08000d7c                HAL_RCC_ClockConfig
 .text.HAL_RCC_GetSysClockFreq
                0x08000ebc       0x7c Drivers/STM32F4xx_HAL_Driver/stm32f4xx_hal_rcc.o
                0x08000ebc                HAL_RCC_GetSysClockFreq
 .text.HAL_RCC_GetHCLKFreq
                0x08000f38       0x34 Drivers/STM32F4xx_HAL_Driver/stm32f4xx_hal_rcc.o
                0x08000f38                HAL_RCC_GetHCLKFreq
 .text.osKernelStart
                0x08000f6c        0xa Middlewares/FreeRTOS/cmsis_os.o
                0x08000f6c                osKernelStart
 .text.osThreadCreate
                0x08000f76       0x38 Middlewares/FreeRTOS/cmsis_os.o
                0x08000f76                osThreadCreate
 .text.osDelay  0x08000fae       0x10 Middlewares/FreeRTOS/cmsis_os.o
                0x08000fae                osDelay
 .text.osSystickHandler
                0x08000fbe       0x14 Middlewares/FreeRTOS/cmsis_os.o
                0x08000fbe                osSystickHandler
 *fill*         0x08000fd2        0x2 
 .text.unlikely.prvInsertBlockIntoFreeList
                0x08000fd4       0x44 Middlewares/FreeRTOS/heap_4.o
 .text.pvPortMalloc
                0x08001018      0x120 Middlewares/FreeRTOS/heap_4.o
                0x08001018                pvPortMalloc
 .text.vPortFree
                0x08001138       0x70 Middlewares/FreeRTOS/heap_4.o
                0x08001138                vPortFree
 .text.vListInitialise
                0x080011a8       0x16 Middlewares/FreeRTOS/list.o
                0x080011a8                vListInitialise
 .text.vListInitialiseItem
                0x080011be        0x6 Middlewares/FreeRTOS/list.o
                0x080011be                vListInitialiseItem
 .text.vListInsertEnd
                0x080011c4       0x18 Middlewares/FreeRTOS/list.o
                0x080011c4                vListInsertEnd
 .text.vListInsert
                0x080011dc       0x30 Middlewares/FreeRTOS/list.o
                0x080011dc                vListInsert
 .text.uxListRemove
                0x0800120c       0x20 Middlewares/FreeRTOS/list.o
                0x0800120c                uxListRemove
 .text.prvTaskExitError
                0x0800122c       0x30 Middlewares/FreeRTOS/port.o
 .text.prvPortStartFirstTask
                0x0800125c       0x20 Middlewares/FreeRTOS/port.o
 .text.vPortEnableVFP
                0x0800127c       0x14 Middlewares/FreeRTOS/port.o
 .text.pxPortInitialiseStack
                0x08001290       0x24 Middlewares/FreeRTOS/port.o
                0x08001290                pxPortInitialiseStack
 .text.SVC_Handler
                0x080012b4       0x20 Middlewares/FreeRTOS/port.o
                0x080012b4                SVC_Handler
 .text.vPortEnterCritical
                0x080012d4       0x44 Middlewares/FreeRTOS/port.o
                0x080012d4                vPortEnterCritical
 .text.vPortExitCritical
                0x08001318       0x28 Middlewares/FreeRTOS/port.o
                0x08001318                vPortExitCritical
 .text.PendSV_Handler
                0x08001340       0x60 Middlewares/FreeRTOS/port.o
                0x08001340                PendSV_Handler
 .text.xPortSysTickHandler
                0x080013a0       0x30 Middlewares/FreeRTOS/port.o
                0x080013a0                xPortSysTickHandler
 .text.vPortSetupTimerInterrupt
                0x080013d0       0x28 Middlewares/FreeRTOS/port.o
                0x080013d0                vPortSetupTimerInterrupt
 .text.xPortStartScheduler
                0x080013f8       0xe4 Middlewares/FreeRTOS/port.o
                0x080013f8                xPortStartScheduler
 .text.prvResetNextTaskUnblockTime
                0x080014dc       0x24 Middlewares/FreeRTOS/tasks.o
 .text.prvAddCurrentTaskToDelayedList
                0x08001500       0x3c Middlewares/FreeRTOS/tasks.o
 .text.xTaskGenericCreate.part.5
                0x0800153c      0x1a0 Middlewares/FreeRTOS/tasks.o
 .text.xTaskGenericCreate
                0x080016dc       0x3c Middlewares/FreeRTOS/tasks.o
                0x080016dc                xTaskGenericCreate
 .text.vTaskStartScheduler
                0x08001718       0x60 Middlewares/FreeRTOS/tasks.o
                0x08001718                vTaskStartScheduler
 .text.vTaskSuspendAll
                0x08001778       0x14 Middlewares/FreeRTOS/tasks.o
                0x08001778                vTaskSuspendAll
 .text.xTaskIncrementTick
                0x0800178c      0x100 Middlewares/FreeRTOS/tasks.o
                0x0800178c                xTaskIncrementTick
 .text.xTaskResumeAll
                0x0800188c       0xe8 Middlewares/FreeRTOS/tasks.o
                0x0800188c                xTaskResumeAll
 .text.vTaskDelay
                0x08001974       0x70 Middlewares/FreeRTOS/tasks.o
                0x08001974                vTaskDelay
 .text.prvIdleTask
                0x080019e4       0x70 Middlewares/FreeRTOS/tasks.o
 .text.vTaskSwitchContext
                0x08001a54       0x68 Middlewares/FreeRTOS/tasks.o
                0x08001a54                vTaskSwitchContext
 .text.xTaskGetSchedulerState
                0x08001abc       0x20 Middlewares/FreeRTOS/tasks.o
                0x08001abc                xTaskGetSchedulerState
 .text.__libc_init_array
                0x08001adc       0x4c c:/ac6/systemworkbench/plugins/fr.ac6.mcu.externaltools.arm-none.win32_1.7.0.201602121829/tools/compiler/bin/../lib/gcc/arm-none-eabi/5.2.1/../../../../arm-none-eabi/lib/armv7e-m/fpu\libc_nano.a(lib_a-init.o)
                0x08001adc                __libc_init_array
 .text.memset   0x08001b28       0x10 c:/ac6/systemworkbench/plugins/fr.ac6.mcu.externaltools.arm-none.win32_1.7.0.201602121829/tools/compiler/bin/../lib/gcc/arm-none-eabi/5.2.1/../../../../arm-none-eabi/lib/armv7e-m/fpu\libc_nano.a(lib_a-memset.o)
                0x08001b28                memset
 *(.glue_7)
 .glue_7        0x08001b38        0x0 linker stubs
 *(.glue_7t)
 .glue_7t       0x08001b38        0x0 linker stubs
 *(.eh_frame)
 .eh_frame      0x08001b38        0x0 c:/ac6/systemworkbench/plugins/fr.ac6.mcu.externaltools.arm-none.win32_1.7.0.201602121829/tools/compiler/bin/../lib/gcc/arm-none-eabi/5.2.1/armv7e-m/fpu/crtbegin.o
 *(.init)
 .init          0x08001b38        0x4 c:/ac6/systemworkbench/plugins/fr.ac6.mcu.externaltools.arm-none.win32_1.7.0.201602121829/tools/compiler/bin/../lib/gcc/arm-none-eabi/5.2.1/armv7e-m/fpu/crti.o
                0x08001b38                _init
 .init          0x08001b3c        0x8 c:/ac6/systemworkbench/plugins/fr.ac6.mcu.externaltools.arm-none.win32_1.7.0.201602121829/tools/compiler/bin/../lib/gcc/arm-none-eabi/5.2.1/armv7e-m/fpu/crtn.o
 *(.fini)
 .fini          0x08001b44        0x4 c:/ac6/systemworkbench/plugins/fr.ac6.mcu.externaltools.arm-none.win32_1.7.0.201602121829/tools/compiler/bin/../lib/gcc/arm-none-eabi/5.2.1/armv7e-m/fpu/crti.o
                0x08001b44                _fini
 .fini          0x08001b48        0x8 c:/ac6/systemworkbench/plugins/fr.ac6.mcu.externaltools.arm-none.win32_1.7.0.201602121829/tools/compiler/bin/../lib/gcc/arm-none-eabi/5.2.1/armv7e-m/fpu/crtn.o
                0x08001b50                . = ALIGN (0x4)
                0x08001b50                _etext = .

.vfp11_veneer   0x08001b50        0x0
 .vfp11_veneer  0x08001b50        0x0 linker stubs

.v4_bx          0x08001b50        0x0
 .v4_bx         0x08001b50        0x0 linker stubs

.iplt           0x08001b50        0x0
 .iplt          0x08001b50        0x0 c:/ac6/systemworkbench/plugins/fr.ac6.mcu.externaltools.arm-none.win32_1.7.0.201602121829/tools/compiler/bin/../lib/gcc/arm-none-eabi/5.2.1/armv7e-m/fpu/crtbegin.o

.rodata         0x08001b50       0x38
                0x08001b50                . = ALIGN (0x4)
 *(.rodata)
 .rodata        0x08001b50       0x14 Application/User/freertos.o
 .rodata        0x08001b64       0x10 Drivers/STM32F4xx_HAL_Driver/stm32f4xx_hal_rcc.o
                0x08001b64                APBAHBPrescTable
 *(.rodata*)
 .rodata.str1.1
                0x08001b74        0xc Application/User/freertos.o
 .rodata.str1.1
                0x08001b80        0x5 Middlewares/FreeRTOS/tasks.o
                0x08001b88                . = ALIGN (0x4)
 *fill*         0x08001b85        0x3 

.rel.dyn        0x08001b88        0x0
 .rel.iplt      0x08001b88        0x0 c:/ac6/systemworkbench/plugins/fr.ac6.mcu.externaltools.arm-none.win32_1.7.0.201602121829/tools/compiler/bin/../lib/gcc/arm-none-eabi/5.2.1/armv7e-m/fpu/crtbegin.o

.ARM.extab
 *(.ARM.extab* .gnu.linkonce.armextab.*)

.ARM            0x08001b88        0x0
                0x08001b88                __exidx_start = .
 *(.ARM.exidx*)
                0x08001b88                __exidx_end = .

.preinit_array  0x08001b88        0x0
                0x08001b88                PROVIDE (__preinit_array_start, .)
 *(.preinit_array*)
                0x08001b88                PROVIDE (__preinit_array_end, .)

.init_array     0x08001b88        0x4
                0x08001b88                PROVIDE (__init_array_start, .)
 *(SORT(.init_array.*))
 *(.init_array*)
 .init_array    0x08001b88        0x4 c:/ac6/systemworkbench/plugins/fr.ac6.mcu.externaltools.arm-none.win32_1.7.0.201602121829/tools/compiler/bin/../lib/gcc/arm-none-eabi/5.2.1/armv7e-m/fpu/crtbegin.o
                0x08001b8c                PROVIDE (__init_array_end, .)

.fini_array     0x08001b8c        0x4
                [!provide]                PROVIDE (__fini_array_start, .)
 *(SORT(.fini_array.*))
 *(.fini_array*)
 .fini_array    0x08001b8c        0x4 c:/ac6/systemworkbench/plugins/fr.ac6.mcu.externaltools.arm-none.win32_1.7.0.201602121829/tools/compiler/bin/../lib/gcc/arm-none-eabi/5.2.1/armv7e-m/fpu/crtbegin.o
                [!provide]                PROVIDE (__fini_array_end, .)
                0x08001b90                _sidata = LOADADDR (.data)

.data           0x20000000        0xc load address 0x08001b90
                0x20000000                . = ALIGN (0x4)
                0x20000000                _sdata = .
 *(.data)
 .data          0x20000000        0x4 Drivers/CMSIS/system_stm32f4xx.o
                0x20000000                SystemCoreClock
 .data          0x20000004        0x4 Middlewares/FreeRTOS/port.o
 .data          0x20000008        0x4 Middlewares/FreeRTOS/tasks.o
 *(.data*)
                0x2000000c                . = ALIGN (0x4)
                0x2000000c                _edata = .
                0x08001b9c                _siccmram = LOADADDR (.ccmram)

.jcr            0x2000000c        0x0 load address 0x08001b9c
 .jcr           0x2000000c        0x0 c:/ac6/systemworkbench/plugins/fr.ac6.mcu.externaltools.arm-none.win32_1.7.0.201602121829/tools/compiler/bin/../lib/gcc/arm-none-eabi/5.2.1/armv7e-m/fpu/crtbegin.o

.tm_clone_table
                0x2000000c        0x0 load address 0x08001b9c
 .tm_clone_table
                0x2000000c        0x0 c:/ac6/systemworkbench/plugins/fr.ac6.mcu.externaltools.arm-none.win32_1.7.0.201602121829/tools/compiler/bin/../lib/gcc/arm-none-eabi/5.2.1/armv7e-m/fpu/crtbegin.o
 .tm_clone_table
                0x2000000c        0x0 c:/ac6/systemworkbench/plugins/fr.ac6.mcu.externaltools.arm-none.win32_1.7.0.201602121829/tools/compiler/bin/../lib/gcc/arm-none-eabi/5.2.1/armv7e-m/fpu/crtend.o

.igot.plt       0x2000000c        0x0 load address 0x08001b9c
 .igot.plt      0x2000000c        0x0 c:/ac6/systemworkbench/plugins/fr.ac6.mcu.externaltools.arm-none.win32_1.7.0.201602121829/tools/compiler/bin/../lib/gcc/arm-none-eabi/5.2.1/armv7e-m/fpu/crtbegin.o

.ccmram         0x10000000        0x0 load address 0x08001b9c
                0x10000000                . = ALIGN (0x4)
                0x10000000                _sccmram = .
 *(.ccmram)
 *(.ccmram*)
                0x10000000                . = ALIGN (0x4)
                0x10000000                _eccmram = .
                0x10000000                . = ALIGN (0x4)

.bss            0x2000000c     0x3dd4
                0x2000000c                _sbss = .
                0x2000000c                __bss_start__ = _sbss
 *(.bss)
 .bss           0x2000000c       0x1c c:/ac6/systemworkbench/plugins/fr.ac6.mcu.externaltools.arm-none.win32_1.7.0.201602121829/tools/compiler/bin/../lib/gcc/arm-none-eabi/5.2.1/armv7e-m/fpu/crtbegin.o
 .bss           0x20000028     0x3c18 Middlewares/FreeRTOS/heap_4.o
 .bss           0x20003c40        0x8 Middlewares/FreeRTOS/port.o
 .bss           0x20003c48      0x124 Middlewares/FreeRTOS/tasks.o
                0x20003c4c                pxCurrentTCB
 *(.bss*)
 *(COMMON)
 COMMON         0x20003d6c       0x6c Application/User/dac.o
                0x20003d6c                hdma_dac1
                0x20003dc4                hdac
 COMMON         0x20003dd8        0x4 Application/User/freertos.o
                0x20003dd8                defaultTaskHandle
 COMMON         0x20003ddc        0x4 Drivers/STM32F4xx_HAL_Driver/stm32f4xx_hal.o
                0x20003ddc                uwTick
                0x20003de0                . = ALIGN (0x4)
                0x20003de0                _ebss = .
                0x20003de0                __bss_end__ = _ebss

._user_heap_stack
                0x20003de0      0x600
                0x20003de0                . = ALIGN (0x8)
                [!provide]                PROVIDE (end, .)
                [!provide]                PROVIDE (_end, .)
                0x200041e0                . = (. + _Min_Heap_Size)
 *fill*         0x20003de0      0x400 
                0x200043e0                . = (. + _Min_Stack_Size)
 *fill*         0x200041e0      0x200 
                0x200043e0                . = ALIGN (0x8)

/DISCARD/
 libc.a(*)
 libm.a(*)
 libgcc.a(*)

.ARM.attributes
                0x00000000       0x30
 *(.ARM.attributes)
 .ARM.attributes
                0x00000000       0x22 c:/ac6/systemworkbench/plugins/fr.ac6.mcu.externaltools.arm-none.win32_1.7.0.201602121829/tools/compiler/bin/../lib/gcc/arm-none-eabi/5.2.1/armv7e-m/fpu/crti.o
 .ARM.attributes
                0x00000022       0x34 c:/ac6/systemworkbench/plugins/fr.ac6.mcu.externaltools.arm-none.win32_1.7.0.201602121829/tools/compiler/bin/../lib/gcc/arm-none-eabi/5.2.1/armv7e-m/fpu/crtbegin.o
 .ARM.attributes
                0x00000056       0x21 Application/SW4STM32/startup_stm32f407xx.o
 .ARM.attributes
                0x00000077       0x39 Application/User/dac.o
 .ARM.attributes
                0x000000b0       0x39 Application/User/dma.o
 .ARM.attributes
                0x000000e9       0x39 Application/User/freertos.o
 .ARM.attributes
                0x00000122       0x39 Application/User/gpio.o
 .ARM.attributes
                0x0000015b       0x39 Application/User/main.o
 .ARM.attributes
                0x00000194       0x39 Application/User/stm32f4xx_hal_msp.o
 .ARM.attributes
                0x000001cd       0x39 Application/User/stm32f4xx_it.o
 .ARM.attributes
                0x00000206       0x39 Drivers/CMSIS/system_stm32f4xx.o
 .ARM.attributes
                0x0000023f       0x39 Drivers/STM32F4xx_HAL_Driver/stm32f4xx_hal.o
 .ARM.attributes
                0x00000278       0x39 Drivers/STM32F4xx_HAL_Driver/stm32f4xx_hal_cortex.o
 .ARM.attributes
                0x000002b1       0x39 Drivers/STM32F4xx_HAL_Driver/stm32f4xx_hal_dma.o
 .ARM.attributes
                0x000002ea       0x39 Drivers/STM32F4xx_HAL_Driver/stm32f4xx_hal_gpio.o
 .ARM.attributes
                0x00000323       0x39 Drivers/STM32F4xx_HAL_Driver/stm32f4xx_hal_rcc.o
 .ARM.attributes
                0x0000035c       0x39 Middlewares/FreeRTOS/cmsis_os.o
 .ARM.attributes
                0x00000395       0x39 Middlewares/FreeRTOS/heap_4.o
 .ARM.attributes
                0x000003ce       0x39 Middlewares/FreeRTOS/list.o
 .ARM.attributes
                0x00000407       0x39 Middlewares/FreeRTOS/port.o
 .ARM.attributes
                0x00000440       0x39 Middlewares/FreeRTOS/tasks.o
 .ARM.attributes
                0x00000479       0x34 c:/ac6/systemworkbench/plugins/fr.ac6.mcu.externaltools.arm-none.win32_1.7.0.201602121829/tools/compiler/bin/../lib/gcc/arm-none-eabi/5.2.1/../../../../arm-none-eabi/lib/armv7e-m/fpu\libc_nano.a(lib_a-init.o)
 .ARM.attributes
                0x000004ad       0x34 c:/ac6/systemworkbench/plugins/fr.ac6.mcu.externaltools.arm-none.win32_1.7.0.201602121829/tools/compiler/bin/../lib/gcc/arm-none-eabi/5.2.1/../../../../arm-none-eabi/lib/armv7e-m/fpu\libc_nano.a(lib_a-memset.o)
 .ARM.attributes
                0x000004e1       0x34 c:/ac6/systemworkbench/plugins/fr.ac6.mcu.externaltools.arm-none.win32_1.7.0.201602121829/tools/compiler/bin/../lib/gcc/arm-none-eabi/5.2.1/armv7e-m/fpu/crtend.o
 .ARM.attributes
                0x00000515       0x22 c:/ac6/systemworkbench/plugins/fr.ac6.mcu.externaltools.arm-none.win32_1.7.0.201602121829/tools/compiler/bin/../lib/gcc/arm-none-eabi/5.2.1/armv7e-m/fpu/crtn.o
OUTPUT(compe571.elf elf32-littlearm)

.debug_line     0x00000000     0x99c0
 .debug_line    0x00000000       0xcb Application/SW4STM32/startup_stm32f407xx.o
 .debug_line    0x000000cb      0x7d5 Application/User/dac.o
 .debug_line    0x000008a0      0x776 Application/User/dma.o
 .debug_line    0x00001016      0x554 Application/User/freertos.o
 .debug_line    0x0000156a      0x7f5 Application/User/gpio.o
 .debug_line    0x00001d5f      0x99f Application/User/main.o
 .debug_line    0x000026fe      0x779 Application/User/stm32f4xx_hal_msp.o
 .debug_line    0x00002e77      0x969 Application/User/stm32f4xx_it.o
 .debug_line    0x000037e0      0x7d7 Drivers/CMSIS/system_stm32f4xx.o
 .debug_line    0x00003fb7      0x906 Drivers/STM32F4xx_HAL_Driver/stm32f4xx_hal.o
 .debug_line    0x000048bd      0x97b Drivers/STM32F4xx_HAL_Driver/stm32f4xx_hal_cortex.o
 .debug_line    0x00005238      0x9e2 Drivers/STM32F4xx_HAL_Driver/stm32f4xx_hal_dma.o
 .debug_line    0x00005c1a      0x957 Drivers/STM32F4xx_HAL_Driver/stm32f4xx_hal_gpio.o
 .debug_line    0x00006571      0xa8b Drivers/STM32F4xx_HAL_Driver/stm32f4xx_hal_rcc.o
 .debug_line    0x00006ffc      0xaeb Middlewares/FreeRTOS/cmsis_os.o
 .debug_line    0x00007ae7      0x61a Middlewares/FreeRTOS/heap_4.o
 .debug_line    0x00008101      0x561 Middlewares/FreeRTOS/list.o
 .debug_line    0x00008662      0x58e Middlewares/FreeRTOS/port.o
 .debug_line    0x00008bf0      0xdd0 Middlewares/FreeRTOS/tasks.o

.debug_info     0x00000000     0xabd0
 .debug_info    0x00000000       0xca Application/SW4STM32/startup_stm32f407xx.o
 .debug_info    0x000000ca      0x8d5 Application/User/dac.o
 .debug_info    0x0000099f      0x507 Application/User/dma.o
 .debug_info    0x00000ea6      0x218 Application/User/freertos.o
 .debug_info    0x000010be      0x63d Application/User/gpio.o
 .debug_info    0x000016fb      0x796 Application/User/main.o
 .debug_info    0x00001e91      0x340 Application/User/stm32f4xx_hal_msp.o
 .debug_info    0x000021d1      0x38d Application/User/stm32f4xx_it.o
 .debug_info    0x0000255e      0x4b0 Drivers/CMSIS/system_stm32f4xx.o
 .debug_info    0x00002a0e      0x8ea Drivers/STM32F4xx_HAL_Driver/stm32f4xx_hal.o
 .debug_info    0x000032f8      0xe6a Drivers/STM32F4xx_HAL_Driver/stm32f4xx_hal_cortex.o
 .debug_info    0x00004162      0x80c Drivers/STM32F4xx_HAL_Driver/stm32f4xx_hal_dma.o
 .debug_info    0x0000496e      0x721 Drivers/STM32F4xx_HAL_Driver/stm32f4xx_hal_gpio.o
 .debug_info    0x0000508f      0xc9b Drivers/STM32F4xx_HAL_Driver/stm32f4xx_hal_rcc.o
 .debug_info    0x00005d2a     0x1b8e Middlewares/FreeRTOS/cmsis_os.o
 .debug_info    0x000078b8      0x486 Middlewares/FreeRTOS/heap_4.o
 .debug_info    0x00007d3e      0x2a1 Middlewares/FreeRTOS/list.o
 .debug_info    0x00007fdf      0x557 Middlewares/FreeRTOS/port.o
 .debug_info    0x00008536     0x269a Middlewares/FreeRTOS/tasks.o

.debug_abbrev   0x00000000     0x2308
 .debug_abbrev  0x00000000       0x12 Application/SW4STM32/startup_stm32f407xx.o
 .debug_abbrev  0x00000012      0x1b4 Application/User/dac.o
 .debug_abbrev  0x000001c6      0x124 Application/User/dma.o
 .debug_abbrev  0x000002ea      0x13e Application/User/freertos.o
 .debug_abbrev  0x00000428      0x151 Application/User/gpio.o
 .debug_abbrev  0x00000579      0x195 Application/User/main.o
 .debug_abbrev  0x0000070e       0xc5 Application/User/stm32f4xx_hal_msp.o
 .debug_abbrev  0x000007d3      0x153 Application/User/stm32f4xx_it.o
 .debug_abbrev  0x00000926      0x104 Drivers/CMSIS/system_stm32f4xx.o
 .debug_abbrev  0x00000a2a      0x236 Drivers/STM32F4xx_HAL_Driver/stm32f4xx_hal.o
 .debug_abbrev  0x00000c60      0x332 Drivers/STM32F4xx_HAL_Driver/stm32f4xx_hal_cortex.o
 .debug_abbrev  0x00000f92      0x273 Drivers/STM32F4xx_HAL_Driver/stm32f4xx_hal_dma.o
 .debug_abbrev  0x00001205      0x1cb Drivers/STM32F4xx_HAL_Driver/stm32f4xx_hal_gpio.o
 .debug_abbrev  0x000013d0      0x2ff Drivers/STM32F4xx_HAL_Driver/stm32f4xx_hal_rcc.o
 .debug_abbrev  0x000016cf      0x37c Middlewares/FreeRTOS/cmsis_os.o
 .debug_abbrev  0x00001a4b      0x231 Middlewares/FreeRTOS/heap_4.o
 .debug_abbrev  0x00001c7c       0xdd Middlewares/FreeRTOS/list.o
 .debug_abbrev  0x00001d59      0x21c Middlewares/FreeRTOS/port.o
 .debug_abbrev  0x00001f75      0x393 Middlewares/FreeRTOS/tasks.o

.debug_aranges  0x00000000      0x7f8
 .debug_aranges
                0x00000000       0x28 Application/SW4STM32/startup_stm32f407xx.o
 .debug_aranges
                0x00000028       0x30 Application/User/dac.o
 .debug_aranges
                0x00000058       0x20 Application/User/dma.o
 .debug_aranges
                0x00000078       0x28 Application/User/freertos.o
 .debug_aranges
                0x000000a0       0x20 Application/User/gpio.o
 .debug_aranges
                0x000000c0       0x28 Application/User/main.o
 .debug_aranges
                0x000000e8       0x20 Application/User/stm32f4xx_hal_msp.o
 .debug_aranges
                0x00000108       0x28 Application/User/stm32f4xx_it.o
 .debug_aranges
                0x00000130       0x28 Drivers/CMSIS/system_stm32f4xx.o
 .debug_aranges
                0x00000158       0xb8 Drivers/STM32F4xx_HAL_Driver/stm32f4xx_hal.o
 .debug_aranges
                0x00000210       0x98 Drivers/STM32F4xx_HAL_Driver/stm32f4xx_hal_cortex.o
 .debug_aranges
                0x000002a8       0x68 Drivers/STM32F4xx_HAL_Driver/stm32f4xx_hal_dma.o
 .debug_aranges
                0x00000310       0x58 Drivers/STM32F4xx_HAL_Driver/stm32f4xx_hal_gpio.o
 .debug_aranges
                0x00000368       0x80 Drivers/STM32F4xx_HAL_Driver/stm32f4xx_hal_rcc.o
 .debug_aranges
                0x000003e8      0x180 Middlewares/FreeRTOS/cmsis_os.o
 .debug_aranges
                0x00000568       0x48 Middlewares/FreeRTOS/heap_4.o
 .debug_aranges
                0x000005b0       0x40 Middlewares/FreeRTOS/list.o
 .debug_aranges
                0x000005f0       0x80 Middlewares/FreeRTOS/port.o
 .debug_aranges
                0x00000670      0x188 Middlewares/FreeRTOS/tasks.o

.debug_ranges   0x00000000      0x9c8
 .debug_ranges  0x00000000       0x20 Application/SW4STM32/startup_stm32f407xx.o
 .debug_ranges  0x00000020       0x40 Application/User/dac.o
 .debug_ranges  0x00000060       0x28 Application/User/dma.o
 .debug_ranges  0x00000088       0x18 Application/User/freertos.o
 .debug_ranges  0x000000a0       0x40 Application/User/gpio.o
 .debug_ranges  0x000000e0       0x30 Application/User/main.o
 .debug_ranges  0x00000110       0x10 Application/User/stm32f4xx_hal_msp.o
 .debug_ranges  0x00000120       0x18 Application/User/stm32f4xx_it.o
 .debug_ranges  0x00000138       0x18 Drivers/CMSIS/system_stm32f4xx.o
 .debug_ranges  0x00000150       0xa8 Drivers/STM32F4xx_HAL_Driver/stm32f4xx_hal.o
 .debug_ranges  0x000001f8      0x148 Drivers/STM32F4xx_HAL_Driver/stm32f4xx_hal_cortex.o
 .debug_ranges  0x00000340       0x58 Drivers/STM32F4xx_HAL_Driver/stm32f4xx_hal_dma.o
 .debug_ranges  0x00000398       0x70 Drivers/STM32F4xx_HAL_Driver/stm32f4xx_hal_gpio.o
 .debug_ranges  0x00000408      0x150 Drivers/STM32F4xx_HAL_Driver/stm32f4xx_hal_rcc.o
 .debug_ranges  0x00000558      0x188 Middlewares/FreeRTOS/cmsis_os.o
 .debug_ranges  0x000006e0       0x38 Middlewares/FreeRTOS/heap_4.o
 .debug_ranges  0x00000718       0x30 Middlewares/FreeRTOS/list.o
 .debug_ranges  0x00000748       0x70 Middlewares/FreeRTOS/port.o
 .debug_ranges  0x000007b8      0x210 Middlewares/FreeRTOS/tasks.o

.debug_loc      0x00000000     0x4009
 .debug_loc     0x00000000       0x63 Application/User/dac.o
 .debug_loc     0x00000063       0x21 Application/User/freertos.o
 .debug_loc     0x00000084       0xd7 Drivers/CMSIS/system_stm32f4xx.o
 .debug_loc     0x0000015b       0x84 Drivers/STM32F4xx_HAL_Driver/stm32f4xx_hal.o
 .debug_loc     0x000001df      0x4ab Drivers/STM32F4xx_HAL_Driver/stm32f4xx_hal_cortex.o
 .debug_loc     0x0000068a      0x4e2 Drivers/STM32F4xx_HAL_Driver/stm32f4xx_hal_dma.o
 .debug_loc     0x00000b6c      0x374 Drivers/STM32F4xx_HAL_Driver/stm32f4xx_hal_gpio.o
 .debug_loc     0x00000ee0      0x4e3 Drivers/STM32F4xx_HAL_Driver/stm32f4xx_hal_rcc.o
 .debug_loc     0x000013c3      0xfe2 Middlewares/FreeRTOS/cmsis_os.o
 .debug_loc     0x000023a5      0x389 Middlewares/FreeRTOS/heap_4.o
 .debug_loc     0x0000272e       0x94 Middlewares/FreeRTOS/list.o
 .debug_loc     0x000027c2       0xae Middlewares/FreeRTOS/port.o
 .debug_loc     0x00002870     0x1799 Middlewares/FreeRTOS/tasks.o

.debug_macro    0x00000000     0x3cab
 .debug_macro   0x00000000      0x30b Application/User/dac.o
 .debug_macro   0x0000030b      0x2f7 Application/User/dma.o
 .debug_macro   0x00000602      0x139 Application/User/freertos.o
 .debug_macro   0x0000073b      0x174 Application/User/freertos.o
 .debug_macro   0x000008af       0xd2 Application/User/freertos.o
 .debug_macro   0x00000981       0x5e Application/User/freertos.o
 .debug_macro   0x000009df       0xe4 Application/User/freertos.o
 .debug_macro   0x00000ac3       0x10 Application/User/freertos.o
 .debug_macro   0x00000ad3       0x1f Application/User/freertos.o
 .debug_macro   0x00000af2      0x3ae Application/User/freertos.o
 .debug_macro   0x00000ea0       0xc0 Application/User/freertos.o
 .debug_macro   0x00000f60       0x8c Application/User/freertos.o
 .debug_macro   0x00000fec       0x16 Application/User/freertos.o
 .debug_macro   0x00001002       0x26 Application/User/freertos.o
 .debug_macro   0x00001028       0x91 Application/User/freertos.o
 .debug_macro   0x000010b9       0xb0 Application/User/freertos.o
 .debug_macro   0x00001169       0x7f Application/User/freertos.o
 .debug_macro   0x000011e8       0xcf Application/User/freertos.o
 .debug_macro   0x000012b7      0x2f7 Application/User/gpio.o
 .debug_macro   0x000015ae      0x3e6 Application/User/main.o
 .debug_macro   0x00001994       0xd2 Application/User/main.o
 .debug_macro   0x00001a66      0x2ed Application/User/stm32f4xx_hal_msp.o
 .debug_macro   0x00001d53      0x3c8 Application/User/stm32f4xx_it.o
 .debug_macro   0x0000211b      0x2f3 Drivers/CMSIS/system_stm32f4xx.o
 .debug_macro   0x0000240e      0x33b Drivers/STM32F4xx_HAL_Driver/stm32f4xx_hal.o
 .debug_macro   0x00002749      0x2ed Drivers/STM32F4xx_HAL_Driver/stm32f4xx_hal_cortex.o
 .debug_macro   0x00002a36      0x2f4 Drivers/STM32F4xx_HAL_Driver/stm32f4xx_hal_dma.o
 .debug_macro   0x00002d2a      0x325 Drivers/STM32F4xx_HAL_Driver/stm32f4xx_hal_gpio.o
 .debug_macro   0x0000304f      0x317 Drivers/STM32F4xx_HAL_Driver/stm32f4xx_hal_rcc.o
 .debug_macro   0x00003366      0x1d6 Middlewares/FreeRTOS/cmsis_os.o
 .debug_macro   0x0000353c       0x4a Middlewares/FreeRTOS/cmsis_os.o
 .debug_macro   0x00003586       0x10 Middlewares/FreeRTOS/cmsis_os.o
 .debug_macro   0x00003596       0x35 Middlewares/FreeRTOS/cmsis_os.o
 .debug_macro   0x000035cb      0x19c Middlewares/FreeRTOS/heap_4.o
 .debug_macro   0x00003767      0x175 Middlewares/FreeRTOS/list.o
 .debug_macro   0x000038dc      0x196 Middlewares/FreeRTOS/port.o
 .debug_macro   0x00003a72      0x223 Middlewares/FreeRTOS/tasks.o
 .debug_macro   0x00003c95       0x16 Middlewares/FreeRTOS/tasks.o

.debug_str      0x00000000    0x8231f
 .debug_str     0x00000000    0x7950e Application/User/dac.o
                              0x79814 (size before relaxing)
 .debug_str     0x0007950e      0x53d Application/User/dma.o
                              0x79822 (size before relaxing)
 .debug_str     0x00079a4b     0x5008 Application/User/freertos.o
                               0x8b16 (size before relaxing)
 .debug_str     0x0007ea53       0x70 Application/User/gpio.o
                              0x793d9 (size before relaxing)
 .debug_str     0x0007eac3      0x1eb Application/User/main.o
                              0x7e8ac (size before relaxing)
 .debug_str     0x0007ecae       0x61 Application/User/stm32f4xx_hal_msp.o
                              0x7972e (size before relaxing)
 .debug_str     0x0007ed0f       0x9d Application/User/stm32f4xx_it.o
                              0x7e3b7 (size before relaxing)
 .debug_str     0x0007edac      0x11b Drivers/CMSIS/system_stm32f4xx.o
                              0x793fc (size before relaxing)
 .debug_str     0x0007eec7      0x4c7 Drivers/STM32F4xx_HAL_Driver/stm32f4xx_hal.o
                              0x79dc7 (size before relaxing)
 .debug_str     0x0007f38e      0x324 Drivers/STM32F4xx_HAL_Driver/stm32f4xx_hal_cortex.o
                              0x79c2e (size before relaxing)
 .debug_str     0x0007f6b2      0x1c1 Drivers/STM32F4xx_HAL_Driver/stm32f4xx_hal_dma.o
                              0x796d0 (size before relaxing)
 .debug_str     0x0007f873      0x254 Drivers/STM32F4xx_HAL_Driver/stm32f4xx_hal_gpio.o
                              0x79653 (size before relaxing)
 .debug_str     0x0007fac7      0x23b Drivers/STM32F4xx_HAL_Driver/stm32f4xx_hal_rcc.o
                              0x797e2 (size before relaxing)
 .debug_str     0x0007fd02      0x987 Middlewares/FreeRTOS/cmsis_os.o
                               0xbbd4 (size before relaxing)
 .debug_str     0x00080689      0x3a7 Middlewares/FreeRTOS/heap_4.o
                               0x9402 (size before relaxing)
 .debug_str     0x00080a30      0x15a Middlewares/FreeRTOS/list.o
                               0x8cd6 (size before relaxing)
 .debug_str     0x00080b8a      0x7f5 Middlewares/FreeRTOS/port.o
                               0x726f (size before relaxing)
 .debug_str     0x0008137f      0xfa0 Middlewares/FreeRTOS/tasks.o
                               0xad18 (size before relaxing)

.comment        0x00000000       0x6e
 .comment       0x00000000       0x6e Application/User/dac.o
                                 0x6f (size before relaxing)
 .comment       0x0000006e       0x6f Application/User/dma.o
 .comment       0x0000006e       0x6f Application/User/freertos.o
 .comment       0x0000006e       0x6f Application/User/gpio.o
 .comment       0x0000006e       0x6f Application/User/main.o
 .comment       0x0000006e       0x6f Application/User/stm32f4xx_hal_msp.o
 .comment       0x0000006e       0x6f Application/User/stm32f4xx_it.o
 .comment       0x0000006e       0x6f Drivers/CMSIS/system_stm32f4xx.o
 .comment       0x0000006e       0x6f Drivers/STM32F4xx_HAL_Driver/stm32f4xx_hal.o
 .comment       0x0000006e       0x6f Drivers/STM32F4xx_HAL_Driver/stm32f4xx_hal_cortex.o
 .comment       0x0000006e       0x6f Drivers/STM32F4xx_HAL_Driver/stm32f4xx_hal_dma.o
 .comment       0x0000006e       0x6f Drivers/STM32F4xx_HAL_Driver/stm32f4xx_hal_gpio.o
 .comment       0x0000006e       0x6f Drivers/STM32F4xx_HAL_Driver/stm32f4xx_hal_rcc.o
 .comment       0x0000006e       0x6f Middlewares/FreeRTOS/cmsis_os.o
 .comment       0x0000006e       0x6f Middlewares/FreeRTOS/heap_4.o
 .comment       0x0000006e       0x6f Middlewares/FreeRTOS/list.o
 .comment       0x0000006e       0x6f Middlewares/FreeRTOS/port.o
 .comment       0x0000006e       0x6f Middlewares/FreeRTOS/tasks.o

.debug_frame    0x00000000     0x1414
 .debug_frame   0x00000000       0x70 Application/User/dac.o
 .debug_frame   0x00000070       0x28 Application/User/dma.o
 .debug_frame   0x00000098       0x48 Application/User/freertos.o
 .debug_frame   0x000000e0       0x3c Application/User/gpio.o
 .debug_frame   0x0000011c       0x4c Application/User/main.o
 .debug_frame   0x00000168       0x2c Application/User/stm32f4xx_hal_msp.o
 .debug_frame   0x00000194       0x3c Application/User/stm32f4xx_it.o
 .debug_frame   0x000001d0       0x30 Drivers/CMSIS/system_stm32f4xx.o
 .debug_frame   0x00000200      0x184 Drivers/STM32F4xx_HAL_Driver/stm32f4xx_hal.o
 .debug_frame   0x00000384      0x130 Drivers/STM32F4xx_HAL_Driver/stm32f4xx_hal_cortex.o
 .debug_frame   0x000004b4      0x120 Drivers/STM32F4xx_HAL_Driver/stm32f4xx_hal_dma.o
 .debug_frame   0x000005d4       0xd4 Drivers/STM32F4xx_HAL_Driver/stm32f4xx_hal_gpio.o
 .debug_frame   0x000006a8      0x150 Drivers/STM32F4xx_HAL_Driver/stm32f4xx_hal_rcc.o
 .debug_frame   0x000007f8      0x478 Middlewares/FreeRTOS/cmsis_os.o
 .debug_frame   0x00000c70       0xa4 Middlewares/FreeRTOS/heap_4.o
 .debug_frame   0x00000d14       0x6c Middlewares/FreeRTOS/list.o
 .debug_frame   0x00000d80       0xf0 Middlewares/FreeRTOS/port.o
 .debug_frame   0x00000e70      0x558 Middlewares/FreeRTOS/tasks.o
 .debug_frame   0x000013c8       0x2c c:/ac6/systemworkbench/plugins/fr.ac6.mcu.externaltools.arm-none.win32_1.7.0.201602121829/tools/compiler/bin/../lib/gcc/arm-none-eabi/5.2.1/../../../../arm-none-eabi/lib/armv7e-m/fpu\libc_nano.a(lib_a-init.o)
 .debug_frame   0x000013f4       0x20 c:/ac6/systemworkbench/plugins/fr.ac6.mcu.externaltools.arm-none.win32_1.7.0.201602121829/tools/compiler/bin/../lib/gcc/arm-none-eabi/5.2.1/../../../../arm-none-eabi/lib/armv7e-m/fpu\libc_nano.a(lib_a-memset.o)
